[www.eduinx.com/index.html]
[backblue.gif]
[fade.gif]
[index.html]
[www.eduinx.com/favicon.png]
[cdnjs.cloudflare.com/ajax/libs/font-awesome/6.5.1/css/all.min.css]
[www.eduinx.com/assets/css/index.css]
[www.eduinx.com/assets/css/navigation.css]
[www.eduinx.com/assets/css/mobile-menu.css]
[www.eduinx.com/assets/images/logo/new_logo.png]
[www.eduinx.com/job-guaranteed-courses.html]
[www.eduinx.com/courses/data-science-with-generative-ai.html]
[www.eduinx.com/program/generative-ai.html]
[www.eduinx.com/courses/ai-in-product-management.html]
[www.eduinx.com/milestone-achievers.html]
[www.eduinx.com/elevateX.html]
[www.eduinx.com/about-us.html]
[www.eduinx.com/contact-us.html]
[www.eduinx.com/assets/images/partners/Neevlogo.png]
[www.eduinx.com/assets/images/partners/bajaj.svg]
[www.eduinx.com/job-guaranteed-courses-2.html]
[www.eduinx.com/about-us-2.html]
[www.eduinx.com/assets/images/instructors/sabyasachi.png]
[www.eduinx.com/assets/images/instructors/amit.png]
[www.eduinx.com/assets/images/instructors/dakshini.png]
[www.eduinx.com/assets/images/instructors/Thejasvi.jfif]
[www.eduinx.com/assets/images/instructors/NikhileshTayal.jpg]
[www.eduinx.com/assets/images/instructors/Dr. Arpit Yadav.jpg]
[www.eduinx.com/assets/images/instructors/udayan.jpg]
[www.eduinx.com/assets/images/instructors/Arpit_sharma.jpg]
[www.eduinx.com/assets/images/instructors/Lavanya_srivastava.jpg]
[www.eduinx.com/assets/images/compainies/ibm.png]
[www.eduinx.com/assets/images/compainies/amazon.png]
[www.eduinx.com/assets/images/compainies/accenture.png]
[www.eduinx.com/assets/images/compainies/capgemini.png]
[www.eduinx.com/assets/images/compainies/cisco.png]
[www.eduinx.com/assets/images/compainies/microsoft.png]
[www.eduinx.com/assets/images/compainies/tcs.png]
[www.eduinx.com/assets/images/compainies/wipro.png]
[www.eduinx.com/assets/images/articles/author/Akassh_Vijay.jpg]
[www.eduinx.com/blog-repository/ai-product-manager-skills.html]
[www.eduinx.com/blog-repository/ai-product-management-guide.html]
[www.eduinx.com/blog-repository/future-of-data-science.html]
[www.eduinx.com/assets/images/footer-bg.png]
[www.eduinx.com/index-2.html]
[www.eduinx.com/assets/images/logo/new_logo_white.png]
[www.eduinx.com/policy/Privacy-Policy.html]
[www.eduinx.com/policy/terms-and-conditions.html]
[www.eduinx.com/policy/refund-cancellation-policy.html]
[www.eduinx.com/contact-us-2.html]
[www.eduinx.com/instructors.html]
[www.eduinx.com/our-team.html]
[www.eduinx.com/faqs.html]
[www.eduinx.com/assets/js/index.js]
[www.eduinx.com/index.html]
[cdnjs.cloudflare.com/ajax/libs/font-awesome/6.5.1/css/all.min.css]
[www.eduinx.com/assets/images/home_1.jpg]
[www.eduinx.com/assets/css/index.css]
[www.eduinx.com/assets/css/navigation.css]
[www.eduinx.com/assets/css/mobile-menu.css]
[www.eduinx.com/assets/css/style.css]
[www.eduinx.com/assets/css/style1.css]
[www.eduinx.com/assets/images/hero-bg.svg]
[www.eduinx.com/assets/images/hero-banner-1.jpg]
[www.eduinx.com/assets/images/hero-banner-2.jpg]
[www.eduinx.com/assets/images/hero-shape-1.svg]
[www.eduinx.com/assets/images/hero-shape-2.png]
[www.eduinx.com/milestone-achievers-2.html]
[www.eduinx.com/webinar.html]
[www.eduinx.com/elevateX-2.html]
[www.eduinx.com/assets/images/course/ds_course.jpg]
[www.eduinx.com/assets/images/articles/trend_11.png]
[www.eduinx.com/assets/images/articles/article_19.png]
[www.eduinx.com/assets/js/script.js]
[unpkg.com/ionicons@5.5.2/dist/ionicons/ionicons.esm.js]
[www.eduinx.com/job-guaranteed-courses.html]
[unpkg.com/ionicons@5.5.2/dist/ionicons/ionicons.js]
[www.eduinx.com/courses/favicon.png]
[cdnjs.cloudflare.com/ajax/libs/font-awesome/4.7.0/css/font-awesome.css]
[cdnjs.cloudflare.com/ajax/libs/font-awesome/5.15.4/css/all.min.css]
[www.eduinx.com/assets/images/course/ds5.png]
[www.eduinx.com/assets/images/icons/workingprofessional.png]
[www.eduinx.com/assets/images/icons/career-counselling-colored.png]
[www.eduinx.com/assets/images/icons/alumnistatus.png]
[www.eduinx.com/assets/images/icons/basecamps.png]
[www.eduinx.com/assets/images/icons/assignments.png]
[www.eduinx.com/assets/images/icons/hoursoflearning.png]
[www.eduinx.com/assets/images/icons/hours-of-learning.png]
[www.eduinx.com/assets/images/icons/mentorship.png]
[www.eduinx.com/assets/images/tools/tableau.png]
[www.eduinx.com/assets/images/tools/python.png]
[www.eduinx.com/assets/images/tools/aws.png]
[www.eduinx.com/assets/images/tools/hadoop.png]
[www.eduinx.com/assets/images/tools/Keras.png]
[www.eduinx.com/assets/images/tools/MongoDB.png]
[www.eduinx.com/assets/images/tools/msexcel.png]
[www.eduinx.com/assets/images/tools/mysql.png]
[www.eduinx.com/assets/images/tools/PowerBI.png]
[www.eduinx.com/assets/images/tools/TensorFlow.png]
[www.eduinx.com/assets/images/payment_icons/payments.png]
[www.eduinx.com/assets/images/Certificates/Data_science_1.png]
[www.eduinx.com/assets/images/instructors/murthy.png]
[www.eduinx.com/courses/brochure/Master-Data-Science-with-Gen-AI.pdf]
[www.eduinx.com/courses/data-science-with-generative-ai.html]
[cdn.jsdelivr.net/npm/swiper@11/swiper-bundle.min.css]
[cdnjs.cloudflare.com/ajax/libs/font-awesome/6.5.2/css/all.min.css]
[www.eduinx.com/program/program.css]
[www.eduinx.com/program/team.css]
[www.eduinx.com/program/logo/icon.png]
[www.eduinx.com/program/logo/new_logo_white.png]
[www.eduinx.com/blogs.html]
[www.eduinx.com/program/contact-us.64.delayed]
[www.eduinx.com/program/brochure/generative-ai.pdf]
[www.eduinx.com/program/icons/workingprofessional.png]
[www.eduinx.com/program/icons/career-counselling-colored.png]
[www.eduinx.com/program/icons/alumnistatus.png]
[www.eduinx.com/program/icons/basecamps.png]
[www.eduinx.com/program/icons/hoursoflearning.png]
[www.eduinx.com/program/icons/hours-of-learning.png]
[www.eduinx.com/program/icons/mentorship.png]
[www.eduinx.com/program/images/audience.jpg]
[www.eduinx.com/program/Certificates/generative-ai.jpg]
[www.eduinx.com/program/instructors/murthy.png]
[www.eduinx.com/program/instructors/Gunjan-Bhatia.png]
[www.eduinx.com/program/instructors/Dr. Arpit Yadav.jpg]
[www.eduinx.com/program/instructors/Arpit_sharma.jpg]
[www.eduinx.com/program/instructors/Lavanya_srivastava.jpg]
[www.eduinx.com/program/contact.html]
[www.eduinx.com/program/program.js]
[cdn.jsdelivr.net/npm/swiper@11/swiper-bundle.min.js]
[www.eduinx.com/program/test.js]
[www.eduinx.com/program/generative-ai.html]
[www.eduinx.com/assets/images/course/pm-banner.jpg]
[www.eduinx.com/assets/images/logo/new_logo_black.png]
[www.eduinx.com/program/comprehensive-ai-product-management-program.html]
[www.eduinx.com/coming-soon.html]
[www.eduinx.com/assets/images/course/application-process.png]
[www.eduinx.com/assets/images/instructors/Sudiptaa-Paul-Choudhury.png]
[www.eduinx.com/assets/images/instructors/Arpit-Yadav.jpg]
[www.eduinx.com/assets/images/course/real-world-app.png]
[www.eduinx.com/assets/images/Certificates/ai-pm-cert.jpg]
[www.eduinx.com/courses/ai-in-product-management.html]
[www.eduinx.com/assets/images/achievers/mausam.jpg]
[www.eduinx.com/assets/images/achievers/amarjit.jpg]
[www.eduinx.com/assets/images/achievers/ritesh-kumar.jpg]
[www.eduinx.com/assets/images/achievers/Soubhagya_Suman_Mohanty.jpg]
[www.eduinx.com/assets/images/achievers/Dipesh_Sharma.jpg]
[www.eduinx.com/assets/images/achievers/Prajwal.jpg]
[www.eduinx.com/assets/images/achievers/rohan_gs.jpg]
[www.eduinx.com/assets/images/achievers/Devi_Durga_Prasad_Rath.jpg]
[www.eduinx.com/assets/images/achievers/Sourav_Pati.jpg]
[www.eduinx.com/assets/images/achievers/Srajal_Singh_Chauhan.jpg]
[www.eduinx.com/assets/images/achievers/Deepak_Reddy.jpg]
[www.eduinx.com/assets/images/achievers/Pritam_Sarkar.jpg]
[www.eduinx.com/assets/images/achievers/Rahul_Prabhakar1.jpg]
[www.eduinx.com/assets/images/achievers/Aditi_Sharma.jpg]
[www.eduinx.com/assets/images/achievers/Rohan_Gupta.jpg]
[www.eduinx.com/assets/images/achievers/Sneha_Patil.jpg]
[www.eduinx.com/assets/images/achievers/Pooja_Agarwal.jpg]
[www.eduinx.com/assets/images/achievers/Priya_Singh.jfif]
[www.eduinx.com/assets/images/achievers/Neha_Kapoor.jpg]
[www.eduinx.com/assets/images/achievers/Karan_Mehta.jpg]
[www.eduinx.com/assets/images/achievers/Rajat_Joshi.jpg]
[www.eduinx.com/assets/images/achievers/Ankit_Verma.jpg]
[www.eduinx.com/assets/images/achievers/Manish_Pandey.jpg]
[www.eduinx.com/assets/images/achievers/Sandeep_Patil.jpg]
[www.eduinx.com/assets/images/achievers/Ritu_Mahajan.jpg]
[www.eduinx.com/assets/images/achievers/Aarav_Sharma.jfif]
[www.eduinx.com/assets/images/achievers/Vihaan_Gupta.jfif]
[www.eduinx.com/assets/images/achievers/Ishaan_Patel.jfif]
[www.eduinx.com/assets/images/achievers/Ananya_Rao.jpg]
[www.eduinx.com/assets/images/achievers/Aditi_Nair.jfif]
[www.eduinx.com/assets/images/achievers/Rohan_Mehta.jpg]
[www.eduinx.com/assets/images/achievers/Siddharth_Iyer.jpg]
[www.eduinx.com/assets/images/achievers/Nisha_Singh.jpg]
[www.eduinx.com/assets/images/achievers/Karthik_Reddy.jfif]
[www.eduinx.com/assets/images/achievers/Krishna_Desai.jfif]
[www.eduinx.com/assets/images/achievers/Priya_Khanna.jfif]
[www.eduinx.com/assets/images/achievers/Akash_Verma1.jpg]
[www.eduinx.com/assets/images/achievers/Sneha_Chatterjee.jfif]
[www.eduinx.com/assets/images/achievers/Rhea_Malhotra.jfif]
[www.eduinx.com/assets/images/achievers/Manav_Bhatia1.jpg]
[www.eduinx.com/milestone-achievers.html]
[www.eduinx.com/assets/css/elevateX.css]
[www.eduinx.com/assets/images/compainies/company/TATAPOWER.png]
[www.eduinx.com/assets/images/compainies/company/247-ai.png]
[www.eduinx.com/assets/images/compainies/company/Perfios.png]
[www.eduinx.com/assets/images/compainies/company/emplay.png]
[www.eduinx.com/assets/images/compainies/company/Tekion.png]
[www.eduinx.com/assets/images/compainies/company/beroe.png]
[www.eduinx.com/assets/images/compainies/company/thinq24.png]
[www.eduinx.com/assets/images/compainies/company/atkinsrealis.png]
[www.eduinx.com/assets/images/compainies/company/wipro.png]
[www.eduinx.com/assets/images/compainies/company/zeapl.png]
[www.eduinx.com/assets/images/compainies/company/enzen.png]
[www.eduinx.com/assets/images/compainies/company/connectrz.png]
[www.eduinx.com/assets/images/compainies/company/lumiq.png]
[www.eduinx.com/assets/images/compainies/company/pra.png]
[www.eduinx.com/assets/js/elevateX.js]
[www.eduinx.com/elevateX.html]
[www.eduinx.com/assets/images/about_us/banner1.jpg]
[www.eduinx.com/assets/images/about-shape-3.png]
[www.eduinx.com/assets/images/mission.jpg]
[www.eduinx.com/assets/images/vision.jpg]
[www.eduinx.com/assets/images/values.jpg]
[www.eduinx.com/assets/images/team_members/avishek.png]
[www.eduinx.com/team/avishek-das.html]
[www.eduinx.com/assets/images/team_members/swati_310.png]
[www.eduinx.com/team/swathi-shivanna.html]
[www.eduinx.com/assets/images/team_members/kavya.png]
[www.eduinx.com/team/kavya-srinivas.html]
[www.eduinx.com/about-us.html]
[www.eduinx.com/assets/css/style2.css]
[www.eduinx.com/assets/images/img/shape.png]
[www.eduinx.com/assets/images/img/location.png]
[www.eduinx.com/assets/images/img/email.png]
[www.eduinx.com/assets/images/img/phone.png]
[www.eduinx.com/assets/js/app.js]
[www.google.com/recaptcha/apif0b7.js]
[www.eduinx.com/contact-us.html]
[www.eduinx.com/assets/images/partners/bajaj.svg]
[www.eduinx.com/job-guaranteed-courses-2.html]
[www.eduinx.com/about-us-2.html]
[cdnjs.cloudflare.com/ajax/libs/font-awesome/6.0.0-beta3/css/all.min.css]
[www.eduinx.com/assets/images/articles/banner_24.png]
[www.eduinx.com/assets/images/articles/inside-img/technical-proficiency.png]
[www.eduinx.com/assets/images/articles/inside-img/ai-limitations.png]
[www.eduinx.com/assets/images/articles/article_20.png]
[www.eduinx.com/blog-repository/ai-product-manager-roles-skills-future.html]
[www.eduinx.com/blog-repository/subscribe.html]
[www.eduinx.com/blog-repository/ai-product-manager-skills.html]
[www.eduinx.com/assets/images/articles/banner_23.png]
[www.eduinx.com/assets/images/articles/inside-img/ai-statistics.png]
[www.eduinx.com/assets/images/articles/inside-img/predictive-analytics.png]
[www.eduinx.com/assets/images/articles/article_18.png]
[www.eduinx.com/blog-repository/generative-ai-deep-dive.html]
[www.eduinx.com/blog-repository/ai-product-management-guide.html]
[www.eduinx.com/assets/images/articles/banner_4.png]
[www.eduinx.com/assets/images/articles/article_1.png]
[www.eduinx.com/blog-repository/generative-ai-transforming-careers-in-data-science.html]
[www.eduinx.com/assets/images/articles/trend_1.png]
[www.eduinx.com/blog-repository/4-key-advantages-of-learning-data-science.html]
[www.eduinx.com/blog-repository/future-of-data-science.html]
[www.eduinx.com/index-2.html]
[www.eduinx.com/assets/images/blog-bg.svg]
[www.eduinx.com/policy/assets/images/blog-shape.png]
[www.eduinx.com/policy/Privacy-Policy.html]
[www.eduinx.com/policy/terms-and-conditions.html]
[www.eduinx.com/policy/refund-policy.html]
[www.eduinx.com/policy/refund-cancellation-policy.html]
[www.eduinx.com/contact-us-2.html]
[www.eduinx.com/assets/images/instructors/gajendra_singh2.png]
[www.eduinx.com/instructors.html]
[www.eduinx.com/assets/images/team-og-image.jpg]
[www.eduinx.com/assets/css/team.css]
[cdnjs.cloudflare.com/ajax/libs/font-awesome/6.4.0/css/all.min.css]
[www.eduinx.com/assets/images/team_members/swati.png]
[www.eduinx.com/assets/images/team_members/founders/gurumoorthy.png]
[www.eduinx.com/assets/images/team_members/trupti.jpg]
[www.eduinx.com/assets/images/team_members/harsh.jpg]
[www.eduinx.com/assets/images/team_members/chiranjeevi.jpg]
[www.eduinx.com/assets/images/team_members/pranav.jpg]
[www.eduinx.com/assets/images/team_members/kaif.jpg]
[www.eduinx.com/assets/images/team_members/sandip.jpg]
[www.eduinx.com/assets/images/team_members/amit.jpg]
[www.eduinx.com/assets/images/team_members/soni.png]
[www.eduinx.com/assets/images/team_members/deepak.png]
[www.eduinx.com/assets/images/Advisory_Board/DebashishGhosh.jfif]
[www.eduinx.com/assets/images/Advisory_Board/GaryCokins.jpg]
[www.eduinx.com/assets/images/Advisory_Board/MukeshJain.jpg]
[www.eduinx.com/assets/images/Advisory_Board/SwagatoChatterjee.jpg]
[www.eduinx.com/our-team.html]
[www.eduinx.com/faqs.html]
[www.eduinx.com/assets/js/index.js]
[www.eduinx.com/assets/css/style.css]
[www.eduinx.com/assets/css/style1.css]
[www.eduinx.com/assets/images/hero-bg.svg]
[www.eduinx.com/assets/images/hero-banner-1.html]
[www.eduinx.com/assets/images/hero-banner-2.html]
[www.eduinx.com/assets/images/hero-shape-1.svg]
[www.eduinx.com/milestone-achievers-2.html]
[www.eduinx.com/assets/images/webinar/slider-1.jpg]
[www.eduinx.com/assets/images/webinar/slider-2.jpg]
[www.eduinx.com/assets/images/webinar/slider-3.jpg]
[www.eduinx.com/assets/images/pop-up/12-april.jpg]
[www.eduinx.com/assets/images/pop-up/25-march.jpg]
[www.eduinx.com/assets/images/pop-up/22nd-march-webinar.png]
[www.eduinx.com/webinar.html]
[www.eduinx.com/assets/images/pop-up/11-march.jpg]
[www.eduinx.com/elevateX-2.html]
[www.eduinx.com/assets/js/script.js]
[www.eduinx.com/courses/favicon.html]
[cdnjs.cloudflare.com/ajax/libs/font-awesome/4.7.0/css/font-awesome.css]
[cdnjs.cloudflare.com/ajax/libs/font-awesome/5.15.4/css/all.min.css]
[cdn.jsdelivr.net/npm/swiper@11/swiper-bundle.min.css]
[cdnjs.cloudflare.com/ajax/libs/font-awesome/6.5.2/css/all.min.css]
[www.eduinx.com/images/audience.jpg]
[www.eduinx.com/program/logo/stats-background.jpg]
[www.eduinx.com/program/program.css]
[www.eduinx.com/logo/watermark.png]
[www.eduinx.com/program/team.css]
[kit.fontawesome.com/a076d05399.fe.delayed]
[www.eduinx.com/assets/images/articles/article_21.png]
[www.eduinx.com/assets/images/articles/article_17.png]
[www.eduinx.com/blog-repository/ai-agents-and-autonomous-ai-agent.html]
[www.eduinx.com/assets/images/articles/article_16.png]
[www.eduinx.com/blog-repository/agent-ai-boon-or-bane.html]
[www.eduinx.com/assets/images/articles/article_15.png]
[www.eduinx.com/blog-repository/agent-ai-what-is-it-and-how-does-it-work.html]
[www.eduinx.com/assets/images/articles/article_14.png]
[www.eduinx.com/blog-repository/ethical-privacy-considerations-generative-ai-data-science.html]
[www.eduinx.com/assets/images/articles/article_13.png]
[www.eduinx.com/blog-repository/what-is-a-capstone-project-importance-benefits.html]
[www.eduinx.com/assets/images/articles/article_12.png]
[www.eduinx.com/blog-repository/understanding-hadoop-ecosystem-big-data.html]
[www.eduinx.com/assets/images/articles/article_11.png]
[www.eduinx.com/blog-repository/popular-big-data-technologies-in-data-science.html]
[www.eduinx.com/assets/images/articles/article_10.png]
[www.eduinx.com/blog-repository/lifecycle-of-data-science-real-time-applications.html]
[www.eduinx.com/assets/images/articles/article_9.png]
[www.eduinx.com/blog-repository/lifecycle-ai-data-science.html]
[www.eduinx.com/blogs.html]
[www.eduinx.com/program/contact-us.html]
[www.eduinx.com/program/brochure/generative-ai.html]
[www.eduinx.com/program/contact.html]
[www.eduinx.com/program/program.js]
[www.eduinx.com/program/test.js]
[www.eduinx.com/all-blogs.html]
[www.eduinx.com/news-updates.html]
[www.eduinx.com/assets/images/back-img1.png]
[www.eduinx.com/program/brochure/AI-Product-Management-1.pdf]
[www.eduinx.com/program/icons/1.png]
[www.eduinx.com/program/icons/3.png]
[www.eduinx.com/program/icons/2.png]
[www.eduinx.com/program/icons/41.png]
[www.eduinx.com/program/icons/5.png]
[www.eduinx.com/program/icons/6.png]
[www.eduinx.com/program/images/audience_4.png]
[www.eduinx.com/program/icons/shorter-loop.png]
[www.eduinx.com/program/icons/miro.png]
[www.eduinx.com/program/icons/jira.png]
[www.eduinx.com/program/icons/ga.png]
[www.eduinx.com/program/icons/grok.png]
[www.eduinx.com/program/icons/chatgpt.png]
[www.eduinx.com/program/icons/perplexity.png]
[www.eduinx.com/program/icons/claude.png]
[www.eduinx.com/program/icons/notebook.png]
[www.eduinx.com/program/icons/figma.png]
[www.eduinx.com/program/icons/semrush.png]
[www.eduinx.com/program/icons/spyfu.png]
[www.eduinx.com/program/icons/linkedin.png]
[www.eduinx.com/program/Certificates/ai-pm-cert.jpg]
[www.eduinx.com/program/comprehensive-ai-product-management-program.html]
[www.eduinx.com/assets/css/offer-style.css]
[www.eduinx.com/index-3.html]
[www.eduinx.com/blogs-2.html]
[www.eduinx.com/policy/cancellation-policy.html]
[www.eduinx.com/assets/js/offer-script.js]
[www.eduinx.com/script.js]
[www.eduinx.com/coming-soon.html]
[www.eduinx.com/assets/css/elevateX.css]
[www.eduinx.com/assets/js/elevateX.js]
[www.eduinx.com/assets/images/team_members/big_avishek.png]
[www.eduinx.com/team/avishek-das.html]
[www.eduinx.com/assets/images/team_members/big_swati.png]
[www.eduinx.com/team/swathi-shivanna.html]
[www.eduinx.com/assets/images/team_members/big_kavya.jpg]
[www.eduinx.com/team/kavya-srinivas.html]
[www.eduinx.com/assets/css/style2.css]
[kit.fontawesome.com/64d58efce2.html]
[www.eduinx.com/assets/js/app.js]
[cdnjs.cloudflare.com/ajax/libs/font-awesome/6.0.0-beta3/css/all.min.css]
[www.eduinx.com/assets/images/articles/banner_22.png]
[www.eduinx.com/assets/images/articles/inside-img/product-manager.png]
[www.eduinx.com/assets/images/articles/inside-img/pm-roles.png]
[www.eduinx.com/blog-repository/ai-product-manager-roles-skills-future.html]
[www.eduinx.com/blog-repository/subscribe.html]
[www.eduinx.com/assets/images/articles/banner_21.png]
[www.eduinx.com/assets/images/articles/inside-img/layers.png]
[www.eduinx.com/assets/images/articles/inside-img/ai-networks.png]
[www.eduinx.com/assets/images/articles/inside-img/variational.png]
[www.eduinx.com/assets/images/articles/inside-img/recurrect-neural-network.png]
[www.eduinx.com/blog-repository/generative-ai-deep-dive.html]
[www.eduinx.com/blog-repository/Explore how generative AI is revolutionizing data science careers. Learn about new opportunities, skills, and trends shaping the future of data science]
[www.eduinx.com/assets/images/articles/banner_1.png]
[www.eduinx.com/assets/images/team/sakshi_1.png]
[www.eduinx.com/assets/images/articles/trend_2.png]
[www.eduinx.com/blog-repository/generative-ai-transforming-careers-in-data-science.html]
[www.eduinx.com/assets/images/articles/banner_2.png]
[www.eduinx.com/blog-repository/4-key-advantages-of-learning-data-science.html]
[www.eduinx.com/assets/images/blog-bg.svg]
[www.eduinx.com/policy/assets/images/blog-shape.html]
[www.eduinx.com/policy/refund-policy.html]
[www.eduinx.com/team/index.html]
[www.eduinx.com/assets/images/team-og-image.html]
[www.eduinx.com/assets/css/team.css]
[cdnjs.cloudflare.com/ajax/libs/font-awesome/6.4.0/css/all.min.css]
[www.eduinx.com/assets/images/team_members/index.html]
[www.eduinx.com/images/audience.html]
[www.eduinx.com/logo/watermark.html]
[kit.fontawesome.com/a076d05399.html]
[www.eduinx.com/assets/images/articles/banner_20.jpg]
[www.eduinx.com/assets/images/articles/inside-img/blog_20_1.png]
[www.eduinx.com/assets/images/articles/inside-img/blog_20_2.png]
[www.eduinx.com/blog-repository/ai-agents-and-autonomous-ai-agent.html]
[www.eduinx.com/assets/images/articles/banner_19.png]
[www.eduinx.com/assets/images/articles/inside-img/adv-agent-ai.png]
[www.eduinx.com/assets/images/articles/inside-img/bg18-2.png]
[www.eduinx.com/blog-repository/agent-ai-boon-or-bane.html]
[www.eduinx.com/assets/images/articles/banner_18.png]
[www.eduinx.com/assets/images/articles/inside-img/agent-ai.png]
[www.eduinx.com/assets/images/articles/inside-img/ai-tool.png]
[www.eduinx.com/blog-repository/agent-ai-what-is-it-and-how-does-it-work.html]
[www.eduinx.com/assets/images/articles/banner_17.png]
[www.eduinx.com/assets/images/articles/ethical.png]
[www.eduinx.com/assets/images/articles/human-creativity.png]
[www.eduinx.com/blog-repository/ethical-privacy-considerations-generative-ai-data-science.html]
[www.eduinx.com/assets/images/articles/banner_16.png]
[www.eduinx.com/assets/images/articles/Competent.png]
[www.eduinx.com/assets/images/articles/ensure.png]
[www.eduinx.com/blog-repository/what-is-a-capstone-project-importance-benefits.html]
[www.eduinx.com/assets/images/articles/banner_15.png]
[www.eduinx.com/assets/images/articles/hadoop-ecosystem.png]
[www.eduinx.com/blog-repository/understanding-hadoop-ecosystem-big-data.html]
[www.eduinx.com/assets/images/articles/banner_14.png]
[www.eduinx.com/assets/images/articles/cloud.png]
[www.eduinx.com/assets/images/articles/hadoop.png]
[www.eduinx.com/assets/images/articles/apache-cassandra.png]
[www.eduinx.com/assets/images/articles/Apache-Hive.png]
[www.eduinx.com/assets/images/articles/Apache-Flume.png]
[www.eduinx.com/assets/images/articles/Apache-Spark.png]
[www.eduinx.com/assets/images/articles/Apache-Kafka.png]
[www.eduinx.com/assets/images/articles/MongoDB.png]
[www.eduinx.com/assets/images/articles/Elasticsearch.png]
[www.eduinx.com/blog-repository/popular-big-data-technologies-in-data-science.html]
[www.eduinx.com/assets/images/articles/banner_13.png]
[www.eduinx.com/assets/images/articles/article_8.png]
[www.eduinx.com/blog-repository/machine-learning-applications-data-science.html]
[www.eduinx.com/blog-repository/lifecycle-of-data-science-real-time-applications.html]
[www.eduinx.com/assets/images/articles/banner_12.png]
[www.eduinx.com/assets/images/articles/ai-life-cycle.png]
[www.eduinx.com/assets/images/articles/datascience-life-cycle.png]
[www.eduinx.com/assets/images/articles/model-evaluation.png]
[www.eduinx.com/assets/images/articles/article_7.png]
[www.eduinx.com/blog-repository/elements-of-neural-network-role-in-data-science.html]
[www.eduinx.com/blog-repository/lifecycle-ai-data-science.html]
[www.eduinx.com/assets/images/articles/article_6.png]
[www.eduinx.com/blog-repository/practical-applications-generative-ai-data-analytics.html]
[www.eduinx.com/assets/images/articles/article_5.png]
[www.eduinx.com/blog-repository/data-visualization-techniques-types-benefits.html]
[www.eduinx.com/assets/images/articles/article_4.png]
[www.eduinx.com/blog-repository/advanced-machine-learning-fundamentals-data-analytics.html]
[www.eduinx.com/assets/images/articles/article_3.png]
[www.eduinx.com/blog-repository/ai-revolution-in-education.html]
[www.eduinx.com/assets/images/articles/article_2.png]
[www.eduinx.com/blog-repository/rise-of-ai-impact-on-jobs.html]
[www.eduinx.com/assets/images/articles/trend_8.png]
[www.eduinx.com/blog-repository/5-ways-gen-ai-boost-career.html]
[www.eduinx.com/assets/images/articles/author/sakshi.png]
[www.eduinx.com/all-blogs.html]
[www.eduinx.com/assets/images/blog-shape.png]
[www.eduinx.com/news-updates.html]
[www.eduinx.com/assets/css/offer-style.css]
[www.eduinx.com/index-3.html]
[www.eduinx.com/blogs-2.html]
[www.eduinx.com/policy/cancellation-policy.html]
[www.eduinx.com/assets/js/offer-script.js]
[www.eduinx.com/script.html]
[www.eduinx.com/blog-repository/Explore how generative AI is revolutionizing data science careers. Learn about new opportunities, skills, and trends shaping the future of data science.html]
[www.eduinx.com/assets/images/articles/inside-img/blog_20_1.html]
[www.eduinx.com/assets/images/articles/inside-img/blog_20_2.html]
[www.eduinx.com/assets/images/articles/banner_11.png]
[www.eduinx.com/blog-repository/machine-learning-applications-data-science.html]
[www.eduinx.com/assets/images/articles/banner_10.png]
[www.eduinx.com/blog-repository/elements-of-neural-network-role-in-data-science.html]
[www.eduinx.com/assets/images/articles/banner_9.png]
[www.eduinx.com/blog-repository/practical-applications-generative-ai-data-analytics.html]
[www.eduinx.com/assets/images/articles/banner_8.png]
[www.eduinx.com/assets/images/articles/histogram.png]
[www.eduinx.com/assets/images/articles/heatmap.png]
[www.eduinx.com/assets/images/articles/line-chart.png]
[www.eduinx.com/assets/images/articles/bar-graph.png]
[www.eduinx.com/assets/images/articles/pai-chart.png]
[www.eduinx.com/assets/images/articles/tree-map.png]
[www.eduinx.com/assets/images/articles/Funnel-chart.png]
[www.eduinx.com/assets/images/articles/Gauge-chart.png]
[www.eduinx.com/blog-repository/data-visualization-techniques-types-benefits.html]
[www.eduinx.com/assets/images/articles/banner_7.png]
[www.eduinx.com/blog-repository/advanced-machine-learning-fundamentals-data-analytics.html]
[www.eduinx.com/assets/images/articles/banner_6.png]
[www.eduinx.com/assets/images/articles/mid_banner_1.png]
[www.eduinx.com/blog-repository/ai-revolution-in-education.html]
[www.eduinx.com/assets/images/articles/banner_5.png]
[www.eduinx.com/blog-repository/rise-of-ai-impact-on-jobs.html]
[www.eduinx.com/assets/images/articles/banner_3.png]
[www.eduinx.com/blog-repository/5-ways-gen-ai-boost-career.html]
